C:/Users/mahout/Documents/Enseignement/Tutorat -PFE/PIR/PIR Prise_commandee_2024/Pompe_2024_avecRTC&Flash/CMSIS/core/core_cm7.h:2107:22:SCB_InvalidateICache	4	static,ignoring_inline_asm
C:/Users/mahout/Documents/Enseignement/Tutorat -PFE/PIR/PIR Prise_commandee_2024/Pompe_2024_avecRTC&Flash/CMSIS/core/core_cm7.h:2268:22:SCB_CleanInvalidateDCache	24	static,ignoring_inline_asm
../hal_stm_lvgl/tft/tft.c:112:6:tft_init	8	static
../hal_stm_lvgl/tft/tft.c:172:13:ex_disp_flush	64	static
../hal_stm_lvgl/tft/tft.c:216:13:ex_disp_clean_dcache	16	static
../hal_stm_lvgl/tft/tft.c:225:13:LCD_MspInit	64	static
../hal_stm_lvgl/tft/tft.c:293:13:LCD_ClockConfig	8	static
../hal_stm_lvgl/tft/tft.c:313:16:LCD_Init	16	static
../hal_stm_lvgl/tft/tft.c:372:13:LCD_LayerRgb565Init	72	static
../hal_stm_lvgl/tft/tft.c:403:6:LCD_DisplayOn	8	static
../hal_stm_lvgl/tft/tft.c:411:6:LCD_DisplayOff	8	static
../hal_stm_lvgl/tft/tft.c:419:13:DMA_Config	16	static
../hal_stm_lvgl/tft/tft.c:464:13:DMA_TransferComplete	24	static
../hal_stm_lvgl/tft/tft.c:495:13:DMA_TransferError	16	static
../hal_stm_lvgl/tft/tft.c:505:6:DMA2_Stream0_IRQHandler	8	static
