C:/Users/adamg/OneDrive/Documents/1travail/INSA/4A/S8/pir/pir-arroseur-2025/Pompe_2025_base/lvgl/src/hal/../misc/lv_color.h:602:26:lv_color_make	16	static
C:/Users/adamg/OneDrive/Documents/1travail/INSA/4A/S8/pir/pir-arroseur-2025/Pompe_2025_base/lvgl/src/hal/../misc/lv_color.h:612:26:lv_color_hex3	16	static
C:/Users/adamg/OneDrive/Documents/1travail/INSA/4A/S8/pir/pir-arroseur-2025/Pompe_2025_base/lvgl/src/hal/../misc/lv_color.h:674:26:lv_color_white	8	static
C:/Users/adamg/OneDrive/Documents/1travail/INSA/4A/S8/pir/pir-arroseur-2025/Pompe_2025_base/lvgl/src/core/../misc/lv_style.h:425:20:lv_style_set_pad_all	16	static
C:/Users/adamg/OneDrive/Documents/1travail/INSA/4A/S8/pir/pir-arroseur-2025/Pompe_2025_base/lvgl/src/core/lv_obj_pos.h:186:20:lv_obj_center	16	static
C:/Users/adamg/OneDrive/Documents/1travail/INSA/4A/S8/pir/pir-arroseur-2025/Pompe_2025_base/lvgl/src/core/lv_obj_style.h:92:20:lv_obj_remove_style_all	16	static
C:/Users/adamg/OneDrive/Documents/1travail/INSA/4A/S8/pir/pir-arroseur-2025/Pompe_2025_base/lvgl/src/core/lv_disp.h:163:26:lv_scr_act	8	static
../src/Ecran/Ecran_Lancer_Prog.c:30:6:Creer_Ecran_Lancer_Prog	8	static
../src/Ecran/Ecran_Lancer_Prog.c:51:6:Bouton_Retour_Lancer_Prog	24	static
../src/Ecran/Ecran_Lancer_Prog.c:122:6:event_handler_BoutonRetour_Lancer_Prog	24	static
../src/Ecran/Ecran_Lancer_Prog.c:133:6:Creer_Bouton_Selection	16	static
../src/Ecran/Ecran_Lancer_Prog.c:153:6:event_handler_Bouton_Selection	56	static
../src/Ecran/Ecran_Lancer_Prog.c:189:6:Bouton_Appliquer_Prog	24	static
../src/Ecran/Ecran_Lancer_Prog.c:259:6:event_handler_Bouton_Appliquer_Prog	24	static
../src/Ecran/Ecran_Lancer_Prog.c:272:6:Afficher_Texte	16	static
../src/Ecran/Ecran_Lancer_Prog.c:295:6:Afficher_Texte2	40	static
../src/Ecran/Ecran_Lancer_Prog.c:322:6:Bouton_Stopper_Prog	24	static
../src/Ecran/Ecran_Lancer_Prog.c:392:6:event_handler_Bouton_Stopper_Prog	24	static
