C:/Users/adamg/OneDrive/Documents/1travail/INSA/4A/S8/pir/pir-arroseur-2025/Pompe_2025_base/lvgl/src/hal/../misc/lv_color.h:602:26:lv_color_make	16	static
C:/Users/adamg/OneDrive/Documents/1travail/INSA/4A/S8/pir/pir-arroseur-2025/Pompe_2025_base/lvgl/src/hal/../misc/lv_color.h:612:26:lv_color_hex3	16	static
C:/Users/adamg/OneDrive/Documents/1travail/INSA/4A/S8/pir/pir-arroseur-2025/Pompe_2025_base/lvgl/src/hal/../misc/lv_color.h:674:26:lv_color_white	8	static
C:/Users/adamg/OneDrive/Documents/1travail/INSA/4A/S8/pir/pir-arroseur-2025/Pompe_2025_base/lvgl/src/core/../misc/lv_style.h:425:20:lv_style_set_pad_all	16	static
C:/Users/adamg/OneDrive/Documents/1travail/INSA/4A/S8/pir/pir-arroseur-2025/Pompe_2025_base/lvgl/src/core/lv_obj_pos.h:186:20:lv_obj_center	16	static
C:/Users/adamg/OneDrive/Documents/1travail/INSA/4A/S8/pir/pir-arroseur-2025/Pompe_2025_base/lvgl/src/core/lv_obj_style.h:92:20:lv_obj_remove_style_all	16	static
C:/Users/adamg/OneDrive/Documents/1travail/INSA/4A/S8/pir/pir-arroseur-2025/Pompe_2025_base/lvgl/src/core/lv_disp.h:163:26:lv_scr_act	8	static
C:/Users/adamg/OneDrive/Documents/1travail/INSA/4A/S8/pir/pir-arroseur-2025/Pompe_2025_base/lvgl/src/lv_api_map.h:35:51:lv_task_handler	8	static
../src/Ecran/Ecran_Accueil.c:43:6:Creer_Ecran_Acceuil	8	static
../src/Ecran/Ecran_Accueil.c:62:6:Dessine_Horloge	16	static
../src/Ecran/Ecran_Accueil.c:110:6:Change_Heure	64	static
../src/Ecran/Ecran_Accueil.c:119:6:Print_Val	56	static
../src/Ecran/Ecran_Accueil.c:128:6:Change_Date	64	static
../src/Ecran/Ecran_Accueil.c:137:6:Bouton_Reglage_Heure	24	static
../src/Ecran/Ecran_Accueil.c:208:6:event_handler_Bouton_Regl_Heure	24	static
../src/Ecran/Ecran_Accueil.c:217:6:Bouton_Reglage_Prog	24	static
../src/Ecran/Ecran_Accueil.c:288:6:event_handler_Bouton_Regl_Prog	24	static
../src/Ecran/Ecran_Accueil.c:297:6:Bouton_Marche	24	static
../src/Ecran/Ecran_Accueil.c:368:6:event_handler_Bouton_Marche	24	static
../src/Ecran/Ecran_Accueil.c:378:6:Bouton_Mode_Prog	24	static
../src/Ecran/Ecran_Accueil.c:449:6:event_handler_Bouton_Mode_Prog	24	static
../src/Ecran/Ecran_Accueil.c:461:6:Creer_Label_ProgActif	64	static
../src/Ecran/Ecran_Accueil.c:485:6:Bouton_Mode_Capteur	24	static
../src/Ecran/Ecran_Accueil.c:556:6:event_handler_Bouton_Mode_Capteur	24	static
