C:/Users/adamg/OneDrive/Documents/1travail/INSA/4A/S8/pir/pir-arroseur-2025/Pompe_2025_base/lvgl/src/hal/../misc/lv_color.h:602:26:lv_color_make	16	static
C:/Users/adamg/OneDrive/Documents/1travail/INSA/4A/S8/pir/pir-arroseur-2025/Pompe_2025_base/lvgl/src/hal/../misc/lv_color.h:674:26:lv_color_white	8	static
C:/Users/adamg/OneDrive/Documents/1travail/INSA/4A/S8/pir/pir-arroseur-2025/Pompe_2025_base/lvgl/src/core/../misc/lv_style.h:425:20:lv_style_set_pad_all	16	static
C:/Users/adamg/OneDrive/Documents/1travail/INSA/4A/S8/pir/pir-arroseur-2025/Pompe_2025_base/lvgl/src/core/lv_obj_pos.h:186:20:lv_obj_center	16	static
C:/Users/adamg/OneDrive/Documents/1travail/INSA/4A/S8/pir/pir-arroseur-2025/Pompe_2025_base/lvgl/src/core/lv_obj_style.h:92:20:lv_obj_remove_style_all	16	static
C:/Users/adamg/OneDrive/Documents/1travail/INSA/4A/S8/pir/pir-arroseur-2025/Pompe_2025_base/lvgl/src/core/lv_disp.h:163:26:lv_scr_act	8	static
C:/Users/adamg/OneDrive/Documents/1travail/INSA/4A/S8/pir/pir-arroseur-2025/Pompe_2025_base/lvgl/src/lv_api_map.h:35:51:lv_task_handler	8	static
../src/Ecran/Ecran_Regle_Prog.c:44:6:Creer_Ecran_Regle_Prog	8	static
../src/Ecran/Ecran_Regle_Prog.c:63:6:Label_Num	48	static
../src/Ecran/Ecran_Regle_Prog.c:111:6:Roller_Depart	232	static
../src/Ecran/Ecran_Regle_Prog.c:171:13:Roller_Depart_Heure_event_handler	56	static
../src/Ecran/Ecran_Regle_Prog.c:182:13:Roller_Depart_Minute_event_handler	56	static
../src/Ecran/Ecran_Regle_Prog.c:193:6:Roller_Duree	232	static
../src/Ecran/Ecran_Regle_Prog.c:257:13:Roller_Duree_Heure_event_handler	56	static
../src/Ecran/Ecran_Regle_Prog.c:269:13:Roller_Duree_Minute_event_handler	56	static
../src/Ecran/Ecran_Regle_Prog.c:280:6:Bouton_Retour_Regle_Prog	24	static
../src/Ecran/Ecran_Regle_Prog.c:351:6:event_handler_BoutonRetour_Regle_Prog	24	static
../src/Ecran/Ecran_Regle_Prog.c:360:6:Bouton_Prog_Suivant	24	static
../src/Ecran/Ecran_Regle_Prog.c:432:6:event_handler_BoutonProg_Suivant	24	static
../src/Ecran/Ecran_Regle_Prog.c:442:6:Bouton_Prog_Precedent	24	static
../src/Ecran/Ecran_Regle_Prog.c:514:6:event_handler_BoutonProg_Precedent	24	static
../src/Ecran/Ecran_Regle_Prog.c:524:13:radio_event_handler	32	static
../src/Ecran/Ecran_Regle_Prog.c:558:6:CheckBox_Jour	8	static
