C:/Users/mahout/Documents/Enseignement/Tutorat -PFE/PIR/PIR Prise_commandee_2024/Pompe_2024_avecRTC&Flash/lvgl/src/hal/../misc/lv_color.h:602:26:lv_color_make	16	static
C:/Users/mahout/Documents/Enseignement/Tutorat -PFE/PIR/PIR Prise_commandee_2024/Pompe_2024_avecRTC&Flash/lvgl/src/hal/../misc/lv_color.h:612:26:lv_color_hex3	16	static
C:/Users/mahout/Documents/Enseignement/Tutorat -PFE/PIR/PIR Prise_commandee_2024/Pompe_2024_avecRTC&Flash/lvgl/src/hal/../misc/lv_color.h:674:26:lv_color_white	8	static
C:/Users/mahout/Documents/Enseignement/Tutorat -PFE/PIR/PIR Prise_commandee_2024/Pompe_2024_avecRTC&Flash/lvgl/src/core/../misc/lv_style.h:425:20:lv_style_set_pad_all	16	static
C:/Users/mahout/Documents/Enseignement/Tutorat -PFE/PIR/PIR Prise_commandee_2024/Pompe_2024_avecRTC&Flash/lvgl/src/core/lv_obj_pos.h:186:20:lv_obj_center	16	static
C:/Users/mahout/Documents/Enseignement/Tutorat -PFE/PIR/PIR Prise_commandee_2024/Pompe_2024_avecRTC&Flash/lvgl/src/core/lv_obj_style.h:92:20:lv_obj_remove_style_all	16	static
C:/Users/mahout/Documents/Enseignement/Tutorat -PFE/PIR/PIR Prise_commandee_2024/Pompe_2024_avecRTC&Flash/lvgl/src/core/lv_disp.h:163:26:lv_scr_act	8	static
../src/Ecran/Ecran_Lancer_Capteur.c:28:6:Creer_Ecran_Lancer_Capteur	8	static
../src/Ecran/Ecran_Lancer_Capteur.c:42:6:Bouton_Retour_Lancer_Capteur	24	static
../src/Ecran/Ecran_Lancer_Capteur.c:113:6:event_handler_BoutonRetour_Lancer_Capteur	24	static
../src/Ecran/Ecran_Lancer_Capteur.c:121:6:Bouton_Appliquer_Capteur	24	static
../src/Ecran/Ecran_Lancer_Capteur.c:191:6:event_handler_Bouton_Appliquer_Capteur	24	static
../src/Ecran/Ecran_Lancer_Capteur.c:203:6:Afficher_Texte_Capteur	16	static
../src/Ecran/Ecran_Lancer_Capteur.c:226:6:Afficher_Texte_Capteur_2	40	static
../src/Ecran/Ecran_Lancer_Capteur.c:249:6:Afficher_Texte_Capteur_3	40	static
../src/Ecran/Ecran_Lancer_Capteur.c:274:6:Bouton_Stopper_Capteur	24	static
../src/Ecran/Ecran_Lancer_Capteur.c:344:6:event_handler_Bouton_Stopper_Capteur	24	static
../src/Ecran/Ecran_Lancer_Capteur.c:353:6:lv_ex_spinner_1	8	static
