C:/Users/mahout/Documents/Enseignement/Tutorat -PFE/PIR/PIR Prise_commandee_2024/Pompe_2024_avecRTC&Flash/lvgl/src/hal/../misc/lv_color.h:602:26:lv_color_make	16	static
C:/Users/mahout/Documents/Enseignement/Tutorat -PFE/PIR/PIR Prise_commandee_2024/Pompe_2024_avecRTC&Flash/lvgl/src/hal/../misc/lv_color.h:674:26:lv_color_white	8	static
C:/Users/mahout/Documents/Enseignement/Tutorat -PFE/PIR/PIR Prise_commandee_2024/Pompe_2024_avecRTC&Flash/lvgl/src/core/../misc/lv_style.h:425:20:lv_style_set_pad_all	16	static
C:/Users/mahout/Documents/Enseignement/Tutorat -PFE/PIR/PIR Prise_commandee_2024/Pompe_2024_avecRTC&Flash/lvgl/src/core/lv_obj_pos.h:186:20:lv_obj_center	16	static
C:/Users/mahout/Documents/Enseignement/Tutorat -PFE/PIR/PIR Prise_commandee_2024/Pompe_2024_avecRTC&Flash/lvgl/src/core/lv_obj_style.h:92:20:lv_obj_remove_style_all	16	static
C:/Users/mahout/Documents/Enseignement/Tutorat -PFE/PIR/PIR Prise_commandee_2024/Pompe_2024_avecRTC&Flash/lvgl/src/core/lv_disp.h:163:26:lv_scr_act	8	static
C:/Users/mahout/Documents/Enseignement/Tutorat -PFE/PIR/PIR Prise_commandee_2024/Pompe_2024_avecRTC&Flash/lvgl/src/lv_api_map.h:35:51:lv_task_handler	8	static
../src/Ecran/Ecran_Regle_Heure.c:29:6:Creer_Ecran_Regle_Heure	8	static
../src/Ecran/Ecran_Regle_Heure.c:40:13:Roller_Heure_event_handler	56	static
../src/Ecran/Ecran_Regle_Heure.c:51:13:Roller_Minute_event_handler	56	static
../src/Ecran/Ecran_Regle_Heure.c:62:6:Regle_Heure	232	static
../src/Ecran/Ecran_Regle_Heure.c:148:6:Bouton_Retour_Regle_Heure	24	static
../src/Ecran/Ecran_Regle_Heure.c:219:6:event_handler_BoutonRetour_Regle_Heure	24	static
../src/Ecran/Ecran_Regle_Heure.c:229:13:event_handler_Calendrier	40	static
../src/Ecran/Ecran_Regle_Heure.c:259:6:Calendrier	48	static
../src/Ecran/Ecran_Regle_Heure.c:281:6:event_handler_Bouton_Appliquer	48	static
../src/Ecran/Ecran_Regle_Heure.c:316:6:Bouton_Appliquer	24	static
