C:/Users/mahout/Documents/Enseignement/Tutorat -PFE/PIR/PIR Prise_commandee_2024/Pompe_2024_avecRTC&Flash/lvgl/src/hal/../misc/lv_color.h:602:26:lv_color_make	16	static
C:/Users/mahout/Documents/Enseignement/Tutorat -PFE/PIR/PIR Prise_commandee_2024/Pompe_2024_avecRTC&Flash/lvgl/src/hal/../misc/lv_color.h:612:26:lv_color_hex3	16	static
C:/Users/mahout/Documents/Enseignement/Tutorat -PFE/PIR/PIR Prise_commandee_2024/Pompe_2024_avecRTC&Flash/lvgl/src/hal/../misc/lv_color.h:674:26:lv_color_white	8	static
C:/Users/mahout/Documents/Enseignement/Tutorat -PFE/PIR/PIR Prise_commandee_2024/Pompe_2024_avecRTC&Flash/lvgl/src/core/../misc/lv_style.h:425:20:lv_style_set_pad_all	16	static
C:/Users/mahout/Documents/Enseignement/Tutorat -PFE/PIR/PIR Prise_commandee_2024/Pompe_2024_avecRTC&Flash/lvgl/src/core/lv_obj_pos.h:186:20:lv_obj_center	16	static
C:/Users/mahout/Documents/Enseignement/Tutorat -PFE/PIR/PIR Prise_commandee_2024/Pompe_2024_avecRTC&Flash/lvgl/src/core/lv_obj_style.h:92:20:lv_obj_remove_style_all	16	static
C:/Users/mahout/Documents/Enseignement/Tutorat -PFE/PIR/PIR Prise_commandee_2024/Pompe_2024_avecRTC&Flash/lvgl/src/core/lv_disp.h:163:26:lv_scr_act	8	static
../src/Ecran/Ecran_Lancer_Prog.c:28:6:Creer_Ecran_Lancer_Prog	8	static
../src/Ecran/Ecran_Lancer_Prog.c:49:6:Bouton_Retour_Lancer_Prog	24	static
../src/Ecran/Ecran_Lancer_Prog.c:120:6:event_handler_BoutonRetour_Lancer_Prog	24	static
../src/Ecran/Ecran_Lancer_Prog.c:131:6:Creer_Bouton_Selection	16	static
../src/Ecran/Ecran_Lancer_Prog.c:151:6:event_handler_Bouton_Selection	56	static
../src/Ecran/Ecran_Lancer_Prog.c:187:6:Bouton_Appliquer_Prog	24	static
../src/Ecran/Ecran_Lancer_Prog.c:257:6:event_handler_Bouton_Appliquer_Prog	24	static
../src/Ecran/Ecran_Lancer_Prog.c:270:6:Afficher_Texte	16	static
../src/Ecran/Ecran_Lancer_Prog.c:293:6:Afficher_Texte2	40	static
../src/Ecran/Ecran_Lancer_Prog.c:320:6:Bouton_Stopper_Prog	24	static
../src/Ecran/Ecran_Lancer_Prog.c:390:6:event_handler_Bouton_Stopper_Prog	24	static
