C:/Users/adamg/OneDrive/Documents/1travail/INSA/4A/S8/pir/pir-arroseur-2025/Pompe_2025_base/lvgl/src/hal/../misc/lv_color.h:602:26:lv_color_make	16	static
C:/Users/adamg/OneDrive/Documents/1travail/INSA/4A/S8/pir/pir-arroseur-2025/Pompe_2025_base/lvgl/src/hal/../misc/lv_color.h:612:26:lv_color_hex3	16	static
C:/Users/adamg/OneDrive/Documents/1travail/INSA/4A/S8/pir/pir-arroseur-2025/Pompe_2025_base/lvgl/src/hal/../misc/lv_color.h:674:26:lv_color_white	8	static
C:/Users/adamg/OneDrive/Documents/1travail/INSA/4A/S8/pir/pir-arroseur-2025/Pompe_2025_base/lvgl/src/core/../misc/lv_style.h:425:20:lv_style_set_pad_all	16	static
C:/Users/adamg/OneDrive/Documents/1travail/INSA/4A/S8/pir/pir-arroseur-2025/Pompe_2025_base/lvgl/src/core/../misc/lv_style.h:437:20:lv_style_set_pad_ver	16	static
C:/Users/adamg/OneDrive/Documents/1travail/INSA/4A/S8/pir/pir-arroseur-2025/Pompe_2025_base/lvgl/src/core/lv_obj_pos.h:186:20:lv_obj_center	16	static
C:/Users/adamg/OneDrive/Documents/1travail/INSA/4A/S8/pir/pir-arroseur-2025/Pompe_2025_base/lvgl/src/core/lv_obj_style.h:92:20:lv_obj_remove_style_all	16	static
C:/Users/adamg/OneDrive/Documents/1travail/INSA/4A/S8/pir/pir-arroseur-2025/Pompe_2025_base/lvgl/src/core/lv_disp.h:163:26:lv_scr_act	8	static
C:/Users/adamg/OneDrive/Documents/1travail/INSA/4A/S8/pir/pir-arroseur-2025/Pompe_2025_base/lvgl/src/widgets/lv_slider.h:75:20:lv_slider_set_value	24	static
C:/Users/adamg/OneDrive/Documents/1travail/INSA/4A/S8/pir/pir-arroseur-2025/Pompe_2025_base/lvgl/src/widgets/lv_slider.h:97:20:lv_slider_set_range	24	static
C:/Users/adamg/OneDrive/Documents/1travail/INSA/4A/S8/pir/pir-arroseur-2025/Pompe_2025_base/lvgl/src/widgets/lv_slider.h:121:23:lv_slider_get_value	16	static
C:/Users/adamg/OneDrive/Documents/1travail/INSA/4A/S8/pir/pir-arroseur-2025/Pompe_2025_base/lvgl/src/lv_api_map.h:35:51:lv_task_handler	8	static
../src/Ecran/Ecran_Marche.c:43:6:Creer_Ecran_Marche	8	static
../src/Ecran/Ecran_Marche.c:65:6:Default_Affichage	24	static
../src/Ecran/Ecran_Marche.c:152:13:slider_event_cb	56	static
../src/Ecran/Ecran_Marche.c:172:6:Refresh_Slider	56	static
../src/Ecran/Ecran_Marche.c:202:6:Bouton_Retour_Marche	24	static
../src/Ecran/Ecran_Marche.c:273:6:event_handler_Bouton_Retour_Marche	24	static
../src/Ecran/Ecran_Marche.c:283:6:Bouton_Activer_Pompe	24	static
../src/Ecran/Ecran_Marche.c:355:6:event_handler_BoutonActiver_Pompe	24	static
../src/Ecran/Ecran_Marche.c:370:6:Bouton_Stopper_Pompe	24	static
../src/Ecran/Ecran_Marche.c:442:6:event_handler_BoutonStopper_Pompe	24	static
../src/Ecran/Ecran_Marche.c:461:6:Ecran_Marche	16	static
../src/Ecran/Ecran_Marche.c:503:6:Bouton1	8	static
../src/Ecran/Ecran_Marche.c:518:6:Bouton2	8	static
