C:/Users/adamg/OneDrive/Documents/1travail/INSA/4A/S8/pir/pir-arroseur-2025/Pompe_2025_base/lvgl/src/hal/../misc/lv_color.h:602:26:lv_color_make	16	static
C:/Users/adamg/OneDrive/Documents/1travail/INSA/4A/S8/pir/pir-arroseur-2025/Pompe_2025_base/lvgl/src/hal/../misc/lv_color.h:612:26:lv_color_hex3	16	static
C:/Users/adamg/OneDrive/Documents/1travail/INSA/4A/S8/pir/pir-arroseur-2025/Pompe_2025_base/lvgl/src/hal/../misc/lv_color.h:674:26:lv_color_white	8	static
C:/Users/adamg/OneDrive/Documents/1travail/INSA/4A/S8/pir/pir-arroseur-2025/Pompe_2025_base/lvgl/src/core/../misc/lv_style.h:425:20:lv_style_set_pad_all	16	static
C:/Users/adamg/OneDrive/Documents/1travail/INSA/4A/S8/pir/pir-arroseur-2025/Pompe_2025_base/lvgl/src/core/lv_obj_pos.h:186:20:lv_obj_center	16	static
C:/Users/adamg/OneDrive/Documents/1travail/INSA/4A/S8/pir/pir-arroseur-2025/Pompe_2025_base/lvgl/src/core/lv_obj_style.h:92:20:lv_obj_remove_style_all	16	static
C:/Users/adamg/OneDrive/Documents/1travail/INSA/4A/S8/pir/pir-arroseur-2025/Pompe_2025_base/lvgl/src/core/lv_disp.h:163:26:lv_scr_act	8	static
C:/Users/adamg/OneDrive/Documents/1travail/INSA/4A/S8/pir/pir-arroseur-2025/Pompe_2025_base/lvgl/src/widgets/lv_slider.h:75:20:lv_slider_set_value	24	static
C:/Users/adamg/OneDrive/Documents/1travail/INSA/4A/S8/pir/pir-arroseur-2025/Pompe_2025_base/lvgl/src/widgets/lv_slider.h:97:20:lv_slider_set_range	24	static
C:/Users/adamg/OneDrive/Documents/1travail/INSA/4A/S8/pir/pir-arroseur-2025/Pompe_2025_base/lvgl/src/widgets/lv_slider.h:121:23:lv_slider_get_value	16	static
../src/Ecran/Ecran_Lancer_Capteur.c:31:6:Creer_Ecran_Lancer_Capteur	8	static
../src/Ecran/Ecran_Lancer_Capteur.c:46:6:Creer_Slider_Capteur	32	static
../src/Ecran/Ecran_Lancer_Capteur.c:67:13:slider_event_cb	40	static
../src/Ecran/Ecran_Lancer_Capteur.c:79:6:Bouton_Retour_Capteur	24	static
../src/Ecran/Ecran_Lancer_Capteur.c:150:6:event_handler_BoutonRetour_Lancer_Capteur	24	static
../src/Ecran/Ecran_Lancer_Capteur.c:159:6:Bouton_Appliquer_Capteur	24	static
../src/Ecran/Ecran_Lancer_Capteur.c:229:6:event_handler_Bouton_Appliquer_Capteur	24	static
../src/Ecran/Ecran_Lancer_Capteur.c:240:6:Afficher_Texte_Capteur	16	static
../src/Ecran/Ecran_Lancer_Capteur.c:263:6:Afficher_Texte_Capteur_En_Cours	40	static
../src/Ecran/Ecran_Lancer_Capteur.c:288:6:Bouton_Stopper_Capteur	24	static
../src/Ecran/Ecran_Lancer_Capteur.c:358:6:event_handler_Bouton_Stopper_Capteur	24	static
