C:/Users/adamg/OneDrive/Documents/1travail/INSA/4A/S8/pir/pir-arroseur-2025/Pompe_2025_base/CMSIS/core/core_cm7.h:2073:22:SCB_EnableICache	4	static,ignoring_inline_asm
C:/Users/adamg/OneDrive/Documents/1travail/INSA/4A/S8/pir/pir-arroseur-2025/Pompe_2025_base/CMSIS/core/core_cm7.h:2123:22:SCB_EnableDCache	24	static,ignoring_inline_asm
../src/main.c:40:5:main	8	static
../src/main.c:94:6:SystemClock_Config	88	static
../src/main.c:153:6:PeriphCommonClock_Config	144	static
../src/main.c:175:6:Error_Handler	4	static,ignoring_inline_asm
