C:/Users/mahout/Documents/Enseignement/Tutorat -PFE/PIR/PIR Prise_commandee_2024/Pompe_2024_avecRTC&Flash/CMSIS/core/core_cm7.h:2073:22:SCB_EnableICache	4	static,ignoring_inline_asm
C:/Users/mahout/Documents/Enseignement/Tutorat -PFE/PIR/PIR Prise_commandee_2024/Pompe_2024_avecRTC&Flash/CMSIS/core/core_cm7.h:2123:22:SCB_EnableDCache	24	static,ignoring_inline_asm
../src/main.c:39:5:main	8	static
../src/main.c:88:6:SystemClock_Config	88	static
../src/main.c:146:6:PeriphCommonClock_Config	144	static
../src/main.c:169:6:Error_Handler	4	static,ignoring_inline_asm
